2026-05-28 00:48:36.411 WARN  [HikariPool-1 housekeeper] com.zaxxer.hikari.pool.HikariPool - HikariPool-1 - Thread starvation or clock leap detected (housekeeper delta=21m14s757ms941µs).
2026-05-28 01:13:08.688 INFO  [SpringApplicationShutdownHook] o.s.b.w.e.tomcat.GracefulShutdown - Commencing graceful shutdown. Waiting for active requests to complete
2026-05-28 01:13:08.704 INFO  [tomcat-shutdown] o.s.b.w.e.tomcat.GracefulShutdown - Graceful shutdown complete
2026-05-28 01:13:08.726 INFO  [SpringApplicationShutdownHook] o.s.o.j.LocalContainerEntityManagerFactoryBean - Closing JPA EntityManagerFactory for persistence unit 'default'
2026-05-28 01:13:08.736 INFO  [SpringApplicationShutdownHook] com.zaxxer.hikari.HikariDataSource - HikariPool-1 - Shutdown initiated...
2026-05-28 01:13:08.752 INFO  [SpringApplicationShutdownHook] com.zaxxer.hikari.HikariDataSource - HikariPool-1 - Shutdown completed.
2026-05-28 01:13:15.076 INFO  [main] c.cts.openbankx.OpenBankXApplication - Starting OpenBankXApplication using Java 21 with PID 16016 (C:\Users\2478655\Downloads\OpenBankX_Project\OPENxBackend\OpenBankX_Backend 1\target\classes started by 2478655 in C:\Users\2478655\Downloads\OpenBankX_Project\OPENxBackend\OpenBankX_Backend 1)
2026-05-28 01:13:15.079 INFO  [main] c.cts.openbankx.OpenBankXApplication - No active profile set, falling back to 1 default profile: "default"
2026-05-28 01:13:16.768 INFO  [main] o.s.d.r.c.RepositoryConfigurationDelegate - Bootstrapping Spring Data JPA repositories in DEFAULT mode.
2026-05-28 01:13:16.966 INFO  [main] o.s.d.r.c.RepositoryConfigurationDelegate - Finished Spring Data repository scanning in 193 ms. Found 22 JPA repository interfaces.
2026-05-28 01:13:18.456 INFO  [main] o.s.b.w.e.tomcat.TomcatWebServer - Tomcat initialized with port 8081 (http)
2026-05-28 01:13:18.481 INFO  [main] o.a.catalina.core.StandardService - Starting service [Tomcat]
2026-05-28 01:13:18.481 INFO  [main] o.a.catalina.core.StandardEngine - Starting Servlet engine: [Apache Tomcat/10.1.36]
2026-05-28 01:13:18.576 INFO  [main] o.a.c.c.C.[Tomcat].[localhost].[/] - Initializing Spring embedded WebApplicationContext
2026-05-28 01:13:18.578 INFO  [main] o.s.b.w.s.c.ServletWebServerApplicationContext - Root WebApplicationContext: initialization completed in 3428 ms
2026-05-28 01:13:18.930 INFO  [main] o.h.jpa.internal.util.LogHelper - HHH000204: Processing PersistenceUnitInfo [name: default]
2026-05-28 01:13:19.095 INFO  [main] org.hibernate.Version - HHH000412: Hibernate ORM core version 6.6.8.Final
2026-05-28 01:13:19.174 INFO  [main] o.h.c.i.RegionFactoryInitiator - HHH000026: Second-level cache disabled
2026-05-28 01:13:19.827 INFO  [main] o.s.o.j.p.SpringPersistenceUnitInfo - No LoadTimeWeaver setup: ignoring JPA class transformer
2026-05-28 01:13:19.878 INFO  [main] com.zaxxer.hikari.HikariDataSource - HikariPool-1 - Starting...
2026-05-28 01:13:20.299 INFO  [main] com.zaxxer.hikari.pool.HikariPool - HikariPool-1 - Added connection com.mysql.cj.jdbc.ConnectionImpl@644b68ad
2026-05-28 01:13:20.301 INFO  [main] com.zaxxer.hikari.HikariDataSource - HikariPool-1 - Start completed.
2026-05-28 01:13:20.392 WARN  [main] org.hibernate.orm.deprecation - HHH90000025: MySQLDialect does not need to be specified explicitly using 'hibernate.dialect' (remove the property setting and it will be selected by default)
2026-05-28 01:13:20.408 INFO  [main] o.hibernate.orm.connections.pooling - HHH10001005: Database info:
	Database JDBC URL [Connecting through datasource 'HikariDataSource (HikariPool-1)']
	Database driver: undefined/unknown
	Database version: 8.0.44
	Autocommit mode: undefined/unknown
	Isolation level: undefined/unknown
	Minimum pool size: undefined/unknown
	Maximum pool size: undefined/unknown
2026-05-28 01:13:21.839 INFO  [main] o.h.e.t.j.p.i.JtaPlatformInitiator - HHH000489: No JTA platform available (set 'hibernate.transaction.jta.platform' to enable JTA platform integration)
2026-05-28 01:13:22.044 INFO  [main] o.s.o.j.LocalContainerEntityManagerFactoryBean - Initialized JPA EntityManagerFactory for persistence unit 'default'
2026-05-28 01:13:23.195 INFO  [main] o.s.d.j.r.query.QueryEnhancerFactory - Hibernate is in classpath; If applicable, HQL parser will be used.
2026-05-28 01:13:25.165 WARN  [main] o.s.b.a.o.j.JpaBaseConfiguration$JpaWebConfiguration - spring.jpa.open-in-view is enabled by default. Therefore, database queries may be performed during view rendering. Explicitly configure spring.jpa.open-in-view to disable this warning
2026-05-28 01:13:25.212 INFO  [main] o.s.s.c.a.a.c.InitializeUserDetailsBeanManagerConfigurer$InitializeUserDetailsManagerConfigurer - Global AuthenticationManager configured with UserDetailsService bean with name customUserDetailsService
2026-05-28 01:13:25.767 INFO  [main] com.cts.openbankx.LoggerAspect - Entering: AccountRefService.seedNewUserAccounts
2026-05-28 01:13:25.767 INFO  [main] com.cts.openbankx.LoggerAspect - Success: AccountRefService.seedNewUserAccounts
2026-05-28 01:13:26.386 INFO  [main] o.s.b.w.e.tomcat.TomcatWebServer - Tomcat started on port 8081 (http) with context path '/'
2026-05-28 01:13:26.398 INFO  [main] c.cts.openbankx.OpenBankXApplication - Started OpenBankXApplication in 11.948 seconds (process running for 12.463)
2026-05-28 01:13:26.522 INFO  [main] c.c.o.config.IncidentBackfillRunner - [incident-backfill] Created 0 missing incidents from api_log failures.
2026-05-28 01:13:26.672 WARN  [main] c.c.o.service.AccountRefService - [seed] No user named 'newuser' (and no email containing 'newuser') found — register one and restart to seed accounts.
2026-05-28 01:14:24.518 INFO  [http-nio-8081-exec-1] o.a.c.c.C.[Tomcat].[localhost].[/] - Initializing Spring DispatcherServlet 'dispatcherServlet'
2026-05-28 01:14:24.518 INFO  [http-nio-8081-exec-1] o.s.web.servlet.DispatcherServlet - Initializing Servlet 'dispatcherServlet'
2026-05-28 01:14:24.534 INFO  [http-nio-8081-exec-1] o.s.web.servlet.DispatcherServlet - Completed initialization in 16 ms
2026-05-28 01:14:25.250 INFO  [http-nio-8081-exec-1] com.cts.openbankx.LoggerAspect - Entering: TokenService.createAndSave
2026-05-28 01:14:25.383 INFO  [http-nio-8081-exec-1] com.cts.openbankx.LoggerAspect - Success: TokenService.createAndSave
2026-05-28 01:14:25.437 INFO  [http-nio-8081-exec-1] com.cts.openbankx.LoggerAspect - Entering: AuditTrailService.log
2026-05-28 01:14:25.450 INFO  [http-nio-8081-exec-1] com.cts.openbankx.LoggerAspect - Success: AuditTrailService.log
2026-05-28 01:14:26.044 INFO  [http-nio-8081-exec-3] com.cts.openbankx.LoggerAspect - Entering: APILogService.findAll
2026-05-28 01:14:26.217 INFO  [http-nio-8081-exec-3] com.cts.openbankx.LoggerAspect - Success: APILogService.findAll
2026-05-28 01:15:06.864 INFO  [http-nio-8081-exec-8] com.cts.openbankx.LoggerAspect - Entering: APILogService.findAll
2026-05-28 01:15:06.967 INFO  [http-nio-8081-exec-8] com.cts.openbankx.LoggerAspect - Success: APILogService.findAll
2026-05-28 01:15:12.549 INFO  [http-nio-8081-exec-1] com.cts.openbankx.LoggerAspect - Entering: APILogService.findAll
2026-05-28 01:15:12.596 INFO  [http-nio-8081-exec-1] com.cts.openbankx.LoggerAspect - Success: APILogService.findAll
2026-05-28 01:15:16.884 INFO  [http-nio-8081-exec-4] com.cts.openbankx.LoggerAspect - Entering: APILogService.findAll
2026-05-28 01:15:16.935 INFO  [http-nio-8081-exec-4] com.cts.openbankx.LoggerAspect - Success: APILogService.findAll
2026-05-28 01:15:20.166 INFO  [http-nio-8081-exec-7] com.cts.openbankx.LoggerAspect - Entering: APILogService.findAll
2026-05-28 01:15:20.210 INFO  [http-nio-8081-exec-7] com.cts.openbankx.LoggerAspect - Success: APILogService.findAll
2026-05-28 01:16:11.008 INFO  [http-nio-8081-exec-10] com.cts.openbankx.LoggerAspect - Entering: APILogService.findAll
2026-05-28 01:16:11.052 INFO  [http-nio-8081-exec-10] com.cts.openbankx.LoggerAspect - Success: APILogService.findAll
2026-05-28 01:16:20.228 INFO  [http-nio-8081-exec-1] com.cts.openbankx.LoggerAspect - Entering: APILogService.findAll
2026-05-28 01:16:20.262 INFO  [http-nio-8081-exec-1] com.cts.openbankx.LoggerAspect - Success: APILogService.findAll
2026-05-28 01:16:35.475 INFO  [http-nio-8081-exec-6] com.cts.openbankx.LoggerAspect - Entering: APILogService.findAll
2026-05-28 01:16:35.515 INFO  [http-nio-8081-exec-6] com.cts.openbankx.LoggerAspect - Success: APILogService.findAll
2026-05-28 01:16:56.081 INFO  [SpringApplicationShutdownHook] o.s.b.w.e.tomcat.GracefulShutdown - Commencing graceful shutdown. Waiting for active requests to complete
2026-05-28 01:16:56.099 INFO  [tomcat-shutdown] o.s.b.w.e.tomcat.GracefulShutdown - Graceful shutdown complete
2026-05-28 01:16:56.108 INFO  [SpringApplicationShutdownHook] o.s.o.j.LocalContainerEntityManagerFactoryBean - Closing JPA EntityManagerFactory for persistence unit 'default'
2026-05-28 01:16:56.112 INFO  [SpringApplicationShutdownHook] com.zaxxer.hikari.HikariDataSource - HikariPool-1 - Shutdown initiated...
2026-05-28 01:16:56.126 INFO  [SpringApplicationShutdownHook] com.zaxxer.hikari.HikariDataSource - HikariPool-1 - Shutdown completed.
2026-05-28 08:52:41.922 INFO  [main] c.cts.openbankx.OpenBankXApplication - Starting OpenBankXApplication using Java 21 with PID 32748 (C:\Users\2478655\Downloads\OpenBankX_Project\OPENxBackend\OpenBankX_Backend 1\target\classes started by 2478655 in C:\Users\2478655\Downloads\OpenBankX_Project\OPENxBackend\OpenBankX_Backend 1)
2026-05-28 08:52:41.924 INFO  [main] c.cts.openbankx.OpenBankXApplication - No active profile set, falling back to 1 default profile: "default"
2026-05-28 08:52:43.895 INFO  [main] o.s.d.r.c.RepositoryConfigurationDelegate - Bootstrapping Spring Data JPA repositories in DEFAULT mode.
2026-05-28 08:52:44.202 INFO  [main] o.s.d.r.c.RepositoryConfigurationDelegate - Finished Spring Data repository scanning in 270 ms. Found 22 JPA repository interfaces.
2026-05-28 08:52:45.837 INFO  [main] o.s.b.w.e.tomcat.TomcatWebServer - Tomcat initialized with port 8081 (http)
2026-05-28 08:52:45.853 INFO  [main] o.a.catalina.core.StandardService - Starting service [Tomcat]
2026-05-28 08:52:45.853 INFO  [main] o.a.catalina.core.StandardEngine - Starting Servlet engine: [Apache Tomcat/10.1.36]
2026-05-28 08:52:45.977 INFO  [main] o.a.c.c.C.[Tomcat].[localhost].[/] - Initializing Spring embedded WebApplicationContext
2026-05-28 08:52:45.977 INFO  [main] o.s.b.w.s.c.ServletWebServerApplicationContext - Root WebApplicationContext: initialization completed in 3977 ms
2026-05-28 08:52:46.441 INFO  [main] o.h.jpa.internal.util.LogHelper - HHH000204: Processing PersistenceUnitInfo [name: default]
2026-05-28 08:52:46.621 INFO  [main] org.hibernate.Version - HHH000412: Hibernate ORM core version 6.6.8.Final
2026-05-28 08:52:46.738 INFO  [main] o.h.c.i.RegionFactoryInitiator - HHH000026: Second-level cache disabled
2026-05-28 08:52:47.533 INFO  [main] o.s.o.j.p.SpringPersistenceUnitInfo - No LoadTimeWeaver setup: ignoring JPA class transformer
2026-05-28 08:52:47.626 INFO  [main] com.zaxxer.hikari.HikariDataSource - HikariPool-1 - Starting...
2026-05-28 08:52:48.401 INFO  [main] com.zaxxer.hikari.pool.HikariPool - HikariPool-1 - Added connection com.mysql.cj.jdbc.ConnectionImpl@4b00d59
2026-05-28 08:52:48.408 INFO  [main] com.zaxxer.hikari.HikariDataSource - HikariPool-1 - Start completed.
2026-05-28 08:52:48.547 WARN  [main] org.hibernate.orm.deprecation - HHH90000025: MySQLDialect does not need to be specified explicitly using 'hibernate.dialect' (remove the property setting and it will be selected by default)
2026-05-28 08:52:48.600 INFO  [main] o.hibernate.orm.connections.pooling - HHH10001005: Database info:
	Database JDBC URL [Connecting through datasource 'HikariDataSource (HikariPool-1)']
	Database driver: undefined/unknown
	Database version: 8.0.44
	Autocommit mode: undefined/unknown
	Isolation level: undefined/unknown
	Minimum pool size: undefined/unknown
	Maximum pool size: undefined/unknown
2026-05-28 08:52:50.716 INFO  [main] o.h.e.t.j.p.i.JtaPlatformInitiator - HHH000489: No JTA platform available (set 'hibernate.transaction.jta.platform' to enable JTA platform integration)
2026-05-28 08:52:51.023 INFO  [main] o.s.o.j.LocalContainerEntityManagerFactoryBean - Initialized JPA EntityManagerFactory for persistence unit 'default'
2026-05-28 08:52:52.146 INFO  [main] o.s.d.j.r.query.QueryEnhancerFactory - Hibernate is in classpath; If applicable, HQL parser will be used.
2026-05-28 08:52:54.580 WARN  [main] o.s.b.a.o.j.JpaBaseConfiguration$JpaWebConfiguration - spring.jpa.open-in-view is enabled by default. Therefore, database queries may be performed during view rendering. Explicitly configure spring.jpa.open-in-view to disable this warning
2026-05-28 08:52:54.658 INFO  [main] o.s.s.c.a.a.c.InitializeUserDetailsBeanManagerConfigurer$InitializeUserDetailsManagerConfigurer - Global AuthenticationManager configured with UserDetailsService bean with name customUserDetailsService
2026-05-28 08:52:55.303 INFO  [main] com.cts.openbankx.LoggerAspect - Entering: AccountRefService.seedNewUserAccounts
2026-05-28 08:52:55.303 INFO  [main] com.cts.openbankx.LoggerAspect - Success: AccountRefService.seedNewUserAccounts
2026-05-28 08:52:56.186 INFO  [main] o.s.b.w.e.tomcat.TomcatWebServer - Tomcat started on port 8081 (http) with context path '/'
2026-05-28 08:52:56.200 INFO  [main] c.cts.openbankx.OpenBankXApplication - Started OpenBankXApplication in 14.986 seconds (process running for 15.841)
2026-05-28 08:52:56.339 INFO  [main] c.c.o.config.IncidentBackfillRunner - [incident-backfill] Created 0 missing incidents from api_log failures.
2026-05-28 08:52:56.513 WARN  [main] c.c.o.service.AccountRefService - [seed] No user named 'newuser' (and no email containing 'newuser') found — register one and restart to seed accounts.
2026-05-28 08:53:12.313 INFO  [http-nio-8081-exec-1] o.a.c.c.C.[Tomcat].[localhost].[/] - Initializing Spring DispatcherServlet 'dispatcherServlet'
2026-05-28 08:53:12.313 INFO  [http-nio-8081-exec-1] o.s.web.servlet.DispatcherServlet - Initializing Servlet 'dispatcherServlet'
2026-05-28 08:53:12.313 INFO  [http-nio-8081-exec-1] o.s.web.servlet.DispatcherServlet - Completed initialization in 0 ms
2026-05-28 08:53:12.679 INFO  [http-nio-8081-exec-1] com.cts.openbankx.LoggerAspect - Entering: TokenService.createAndSave
2026-05-28 08:53:12.762 INFO  [http-nio-8081-exec-1] com.cts.openbankx.LoggerAspect - Success: TokenService.createAndSave
2026-05-28 08:53:12.788 INFO  [http-nio-8081-exec-1] com.cts.openbankx.LoggerAspect - Entering: AuditTrailService.log
2026-05-28 08:53:12.798 INFO  [http-nio-8081-exec-1] com.cts.openbankx.LoggerAspect - Success: AuditTrailService.log
2026-05-28 08:53:13.362 INFO  [http-nio-8081-exec-3] com.cts.openbankx.LoggerAspect - Entering: APILogService.findAll
2026-05-28 08:53:13.453 INFO  [http-nio-8081-exec-3] com.cts.openbankx.LoggerAspect - Success: APILogService.findAll
2026-05-28 08:56:37.977 INFO  [http-nio-8081-exec-4] com.cts.openbankx.LoggerAspect - Entering: APILogService.findAll
2026-05-28 08:56:38.030 INFO  [http-nio-8081-exec-4] com.cts.openbankx.LoggerAspect - Success: APILogService.findAll
2026-05-28 08:57:05.206 INFO  [http-nio-8081-exec-5] com.cts.openbankx.LoggerAspect - Entering: APILogService.findAll
2026-05-28 08:57:05.244 INFO  [http-nio-8081-exec-5] com.cts.openbankx.LoggerAspect - Success: APILogService.findAll
2026-05-28 08:57:20.773 INFO  [http-nio-8081-exec-8] com.cts.openbankx.LoggerAspect - Entering: APILogService.findAll
2026-05-28 08:57:20.792 INFO  [http-nio-8081-exec-8] com.cts.openbankx.LoggerAspect - Success: APILogService.findAll
2026-05-28 08:57:25.984 INFO  [http-nio-8081-exec-1] com.cts.openbankx.LoggerAspect - Entering: APILogService.findAll
2026-05-28 08:57:26.006 INFO  [http-nio-8081-exec-1] com.cts.openbankx.LoggerAspect - Success: APILogService.findAll
2026-05-28 08:57:43.298 INFO  [http-nio-8081-exec-3] com.cts.openbankx.LoggerAspect - Entering: APILogService.findAll
2026-05-28 08:57:43.319 INFO  [http-nio-8081-exec-3] com.cts.openbankx.LoggerAspect - Success: APILogService.findAll
2026-05-28 08:58:04.735 INFO  [http-nio-8081-exec-7] com.cts.openbankx.LoggerAspect - Entering: APILogService.findAll
2026-05-28 08:58:04.755 INFO  [http-nio-8081-exec-7] com.cts.openbankx.LoggerAspect - Success: APILogService.findAll
2026-05-28 08:58:11.690 INFO  [http-nio-8081-exec-10] com.cts.openbankx.LoggerAspect - Entering: APILogService.findAll
2026-05-28 08:58:11.703 INFO  [http-nio-8081-exec-10] com.cts.openbankx.LoggerAspect - Success: APILogService.findAll
2026-05-28 09:02:54.407 INFO  [http-nio-8081-exec-1] com.cts.openbankx.LoggerAspect - Entering: APILogService.findAll
2026-05-28 09:02:54.421 INFO  [http-nio-8081-exec-1] com.cts.openbankx.LoggerAspect - Success: APILogService.findAll
2026-05-28 09:02:59.953 INFO  [http-nio-8081-exec-3] com.cts.openbankx.LoggerAspect - Entering: APILogService.findAll
2026-05-28 09:02:59.969 INFO  [http-nio-8081-exec-3] com.cts.openbankx.LoggerAspect - Success: APILogService.findAll
2026-05-28 09:04:00.986 INFO  [http-nio-8081-exec-2] com.cts.openbankx.LoggerAspect - Entering: APILogService.findAll
2026-05-28 09:04:01.004 INFO  [http-nio-8081-exec-2] com.cts.openbankx.LoggerAspect - Success: APILogService.findAll
2026-05-28 09:04:06.726 INFO  [http-nio-8081-exec-1] com.cts.openbankx.LoggerAspect - Entering: APILogService.findAll
2026-05-28 09:04:06.744 INFO  [http-nio-8081-exec-1] com.cts.openbankx.LoggerAspect - Success: APILogService.findAll
2026-05-28 09:04:11.784 INFO  [http-nio-8081-exec-3] com.cts.openbankx.LoggerAspect - Entering: APILogService.findAll
2026-05-28 09:04:11.794 INFO  [http-nio-8081-exec-3] com.cts.openbankx.LoggerAspect - Success: APILogService.findAll
2026-05-28 09:04:13.733 INFO  [http-nio-8081-exec-8] com.cts.openbankx.LoggerAspect - Entering: APILogService.findAll
2026-05-28 09:04:13.755 INFO  [http-nio-8081-exec-8] com.cts.openbankx.LoggerAspect - Success: APILogService.findAll
2026-05-28 09:05:02.226 INFO  [http-nio-8081-exec-2] com.cts.openbankx.LoggerAspect - Entering: TokenService.createAndSave
2026-05-28 09:05:02.242 INFO  [http-nio-8081-exec-2] com.cts.openbankx.LoggerAspect - Success: TokenService.createAndSave
2026-05-28 09:05:02.242 INFO  [http-nio-8081-exec-2] com.cts.openbankx.LoggerAspect - Entering: AuditTrailService.log
2026-05-28 09:05:02.249 INFO  [http-nio-8081-exec-2] com.cts.openbankx.LoggerAspect - Success: AuditTrailService.log
2026-05-28 09:05:02.725 INFO  [http-nio-8081-exec-5] com.cts.openbankx.LoggerAspect - Entering: APILogService.findAll
2026-05-28 09:05:02.748 INFO  [http-nio-8081-exec-5] com.cts.openbankx.LoggerAspect - Success: APILogService.findAll
2026-05-28 09:05:42.737 INFO  [http-nio-8081-exec-3] com.cts.openbankx.LoggerAspect - Entering: APILogService.findAll
2026-05-28 09:05:42.748 INFO  [http-nio-8081-exec-3] com.cts.openbankx.LoggerAspect - Success: APILogService.findAll
2026-05-28 09:12:36.311 INFO  [http-nio-8081-exec-8] com.cts.openbankx.LoggerAspect - Entering: APILogService.findAll
2026-05-28 09:12:36.332 INFO  [http-nio-8081-exec-8] com.cts.openbankx.LoggerAspect - Success: APILogService.findAll
2026-05-28 09:12:58.703 WARN  [HikariPool-1 housekeeper] com.zaxxer.hikari.pool.HikariPool - HikariPool-1 - Thread starvation or clock leap detected (housekeeper delta=1m39s893ms667µs900ns).
2026-05-28 09:22:39.726 INFO  [http-nio-8081-exec-10] com.cts.openbankx.LoggerAspect - Entering: APILogService.findHealthyLogs
2026-05-28 09:22:39.731 INFO  [http-nio-8081-exec-10] com.cts.openbankx.LoggerAspect - Success: APILogService.findHealthyLogs
2026-05-28 09:22:46.934 INFO  [http-nio-8081-exec-1] com.cts.openbankx.LoggerAspect - Entering: APILogService.findErrorLogs
2026-05-28 09:22:46.949 INFO  [http-nio-8081-exec-1] com.cts.openbankx.LoggerAspect - Success: APILogService.findErrorLogs
2026-05-28 09:23:07.006 INFO  [http-nio-8081-exec-6] com.cts.openbankx.LoggerAspect - Entering: APILogService.findErrorLogs
2026-05-28 09:23:07.021 INFO  [http-nio-8081-exec-6] com.cts.openbankx.LoggerAspect - Success: APILogService.findErrorLogs
2026-05-28 09:23:09.765 INFO  [http-nio-8081-exec-9] com.cts.openbankx.LoggerAspect - Entering: APILogService.findErrorLogs
2026-05-28 09:23:09.783 INFO  [http-nio-8081-exec-9] com.cts.openbankx.LoggerAspect - Success: APILogService.findErrorLogs
2026-05-28 09:23:11.671 INFO  [http-nio-8081-exec-3] com.cts.openbankx.LoggerAspect - Entering: APILogService.findErrorLogs
2026-05-28 09:23:11.679 INFO  [http-nio-8081-exec-3] com.cts.openbankx.LoggerAspect - Success: APILogService.findErrorLogs
2026-05-28 09:23:17.500 INFO  [http-nio-8081-exec-10] com.cts.openbankx.LoggerAspect - Entering: APILogService.findErrorLogs
2026-05-28 09:23:17.501 INFO  [http-nio-8081-exec-10] com.cts.openbankx.LoggerAspect - Success: APILogService.findErrorLogs
2026-05-28 09:24:42.925 INFO  [http-nio-8081-exec-1] com.cts.openbankx.LoggerAspect - Entering: APILogService.findByMethod
2026-05-28 09:24:42.935 INFO  [http-nio-8081-exec-1] com.cts.openbankx.LoggerAspect - Success: APILogService.findByMethod
2026-05-28 09:24:46.695 INFO  [http-nio-8081-exec-7] com.cts.openbankx.LoggerAspect - Entering: APILogService.findByMethod
2026-05-28 09:24:46.708 INFO  [http-nio-8081-exec-7] com.cts.openbankx.LoggerAspect - Success: APILogService.findByMethod
2026-05-28 09:24:47.726 INFO  [http-nio-8081-exec-10] com.cts.openbankx.LoggerAspect - Entering: APILogService.findByMethod
2026-05-28 09:24:47.746 INFO  [http-nio-8081-exec-10] com.cts.openbankx.LoggerAspect - Success: APILogService.findByMethod
2026-05-28 09:24:48.620 INFO  [http-nio-8081-exec-8] com.cts.openbankx.LoggerAspect - Entering: APILogService.findByMethod
2026-05-28 09:24:48.629 INFO  [http-nio-8081-exec-8] com.cts.openbankx.LoggerAspect - Success: APILogService.findByMethod
2026-05-28 09:24:58.705 INFO  [http-nio-8081-exec-9] com.cts.openbankx.LoggerAspect - Entering: APILogService.findAll
2026-05-28 09:24:58.712 INFO  [http-nio-8081-exec-9] com.cts.openbankx.LoggerAspect - Success: APILogService.findAll
2026-05-28 09:27:48.947 INFO  [SpringApplicationShutdownHook] o.s.b.w.e.tomcat.GracefulShutdown - Commencing graceful shutdown. Waiting for active requests to complete
2026-05-28 09:27:48.962 INFO  [tomcat-shutdown] o.s.b.w.e.tomcat.GracefulShutdown - Graceful shutdown complete
2026-05-28 09:27:48.968 INFO  [SpringApplicationShutdownHook] o.s.o.j.LocalContainerEntityManagerFactoryBean - Closing JPA EntityManagerFactory for persistence unit 'default'
2026-05-28 09:27:48.972 INFO  [SpringApplicationShutdownHook] com.zaxxer.hikari.HikariDataSource - HikariPool-1 - Shutdown initiated...
2026-05-28 09:27:48.981 INFO  [SpringApplicationShutdownHook] com.zaxxer.hikari.HikariDataSource - HikariPool-1 - Shutdown completed.
2026-05-28 09:40:10.464 INFO  [main] c.cts.openbankx.OpenBankXApplication - Starting OpenBankXApplication using Java 21 with PID 13920 (C:\Users\2478655\Downloads\OpenBankX_Project\OPENxBackend\OpenBankX_Backend 1\target\classes started by 2478655 in C:\Users\2478655\Downloads\OpenBankX_Project\OPENxBackend\OpenBankX_Backend 1)
2026-05-28 09:40:10.464 INFO  [main] c.cts.openbankx.OpenBankXApplication - No active profile set, falling back to 1 default profile: "default"
2026-05-28 09:40:12.343 INFO  [main] o.s.d.r.c.RepositoryConfigurationDelegate - Bootstrapping Spring Data JPA repositories in DEFAULT mode.
2026-05-28 09:40:12.629 INFO  [main] o.s.d.r.c.RepositoryConfigurationDelegate - Finished Spring Data repository scanning in 261 ms. Found 22 JPA repository interfaces.
2026-05-28 09:40:14.161 INFO  [main] o.s.b.w.e.tomcat.TomcatWebServer - Tomcat initialized with port 8081 (http)
2026-05-28 09:40:14.193 INFO  [main] o.a.catalina.core.StandardService - Starting service [Tomcat]
2026-05-28 09:40:14.193 INFO  [main] o.a.catalina.core.StandardEngine - Starting Servlet engine: [Apache Tomcat/10.1.36]
2026-05-28 09:40:14.272 INFO  [main] o.a.c.c.C.[Tomcat].[localhost].[/] - Initializing Spring embedded WebApplicationContext
2026-05-28 09:40:14.288 INFO  [main] o.s.b.w.s.c.ServletWebServerApplicationContext - Root WebApplicationContext: initialization completed in 3708 ms
2026-05-28 09:40:14.637 INFO  [main] o.h.jpa.internal.util.LogHelper - HHH000204: Processing PersistenceUnitInfo [name: default]
2026-05-28 09:40:14.809 INFO  [main] org.hibernate.Version - HHH000412: Hibernate ORM core version 6.6.8.Final
2026-05-28 09:40:14.920 INFO  [main] o.h.c.i.RegionFactoryInitiator - HHH000026: Second-level cache disabled
2026-05-28 09:40:15.583 INFO  [main] o.s.o.j.p.SpringPersistenceUnitInfo - No LoadTimeWeaver setup: ignoring JPA class transformer
2026-05-28 09:40:15.637 INFO  [main] com.zaxxer.hikari.HikariDataSource - HikariPool-1 - Starting...
2026-05-28 09:40:16.215 INFO  [main] com.zaxxer.hikari.pool.HikariPool - HikariPool-1 - Added connection com.mysql.cj.jdbc.ConnectionImpl@57bd9c2b
2026-05-28 09:40:16.215 INFO  [main] com.zaxxer.hikari.HikariDataSource - HikariPool-1 - Start completed.
2026-05-28 09:40:16.295 WARN  [main] org.hibernate.orm.deprecation - HHH90000025: MySQLDialect does not need to be specified explicitly using 'hibernate.dialect' (remove the property setting and it will be selected by default)
2026-05-28 09:40:16.310 INFO  [main] o.hibernate.orm.connections.pooling - HHH10001005: Database info:
	Database JDBC URL [Connecting through datasource 'HikariDataSource (HikariPool-1)']
	Database driver: undefined/unknown
	Database version: 8.0.44
	Autocommit mode: undefined/unknown
	Isolation level: undefined/unknown
	Minimum pool size: undefined/unknown
	Maximum pool size: undefined/unknown
2026-05-28 09:40:17.950 INFO  [main] o.h.e.t.j.p.i.JtaPlatformInitiator - HHH000489: No JTA platform available (set 'hibernate.transaction.jta.platform' to enable JTA platform integration)
2026-05-28 09:40:18.281 INFO  [main] o.s.o.j.LocalContainerEntityManagerFactoryBean - Initialized JPA EntityManagerFactory for persistence unit 'default'
2026-05-28 09:40:19.593 INFO  [main] o.s.d.j.r.query.QueryEnhancerFactory - Hibernate is in classpath; If applicable, HQL parser will be used.
2026-05-28 09:40:22.469 WARN  [main] o.s.b.a.o.j.JpaBaseConfiguration$JpaWebConfiguration - spring.jpa.open-in-view is enabled by default. Therefore, database queries may be performed during view rendering. Explicitly configure spring.jpa.open-in-view to disable this warning
2026-05-28 09:40:22.545 INFO  [main] o.s.s.c.a.a.c.InitializeUserDetailsBeanManagerConfigurer$InitializeUserDetailsManagerConfigurer - Global AuthenticationManager configured with UserDetailsService bean with name customUserDetailsService
2026-05-28 09:40:23.191 INFO  [main] com.cts.openbankx.LoggerAspect - Entering: AccountRefService.seedNewUserAccounts
2026-05-28 09:40:23.191 INFO  [main] com.cts.openbankx.LoggerAspect - Success: AccountRefService.seedNewUserAccounts
2026-05-28 09:40:24.058 INFO  [main] o.s.b.w.e.tomcat.TomcatWebServer - Tomcat started on port 8081 (http) with context path '/'
2026-05-28 09:40:24.077 INFO  [main] c.cts.openbankx.OpenBankXApplication - Started OpenBankXApplication in 14.558 seconds (process running for 15.331)
2026-05-28 09:40:24.289 INFO  [main] c.c.o.config.IncidentBackfillRunner - [incident-backfill] Created 0 missing incidents from api_log failures.
2026-05-28 09:40:24.455 WARN  [main] c.c.o.service.AccountRefService - [seed] No user named 'newuser' (and no email containing 'newuser') found — register one and restart to seed accounts.
2026-05-28 09:41:35.466 INFO  [http-nio-8081-exec-1] o.a.c.c.C.[Tomcat].[localhost].[/] - Initializing Spring DispatcherServlet 'dispatcherServlet'
2026-05-28 09:41:35.466 INFO  [http-nio-8081-exec-1] o.s.web.servlet.DispatcherServlet - Initializing Servlet 'dispatcherServlet'
2026-05-28 09:41:35.477 INFO  [http-nio-8081-exec-1] o.s.web.servlet.DispatcherServlet - Completed initialization in 11 ms
2026-05-28 09:41:36.094 INFO  [http-nio-8081-exec-1] com.cts.openbankx.LoggerAspect - Entering: TokenService.createAndSave
2026-05-28 09:41:36.227 INFO  [http-nio-8081-exec-1] com.cts.openbankx.LoggerAspect - Success: TokenService.createAndSave
2026-05-28 09:41:36.277 INFO  [http-nio-8081-exec-1] com.cts.openbankx.LoggerAspect - Entering: AuditTrailService.log
2026-05-28 09:41:36.310 INFO  [http-nio-8081-exec-1] com.cts.openbankx.LoggerAspect - Success: AuditTrailService.log
2026-05-28 09:41:36.944 INFO  [http-nio-8081-exec-3] com.cts.openbankx.LoggerAspect - Entering: APILogService.findAll
2026-05-28 09:41:37.078 INFO  [http-nio-8081-exec-3] com.cts.openbankx.LoggerAspect - Success: APILogService.findAll
2026-05-28 09:44:25.260 INFO  [http-nio-8081-exec-4] com.cts.openbankx.LoggerAspect - Entering: TokenService.createAndSave
2026-05-28 09:44:25.293 INFO  [http-nio-8081-exec-4] com.cts.openbankx.LoggerAspect - Success: TokenService.createAndSave
2026-05-28 09:44:25.297 INFO  [http-nio-8081-exec-4] com.cts.openbankx.LoggerAspect - Entering: AuditTrailService.log
2026-05-28 09:44:25.310 INFO  [http-nio-8081-exec-4] com.cts.openbankx.LoggerAspect - Success: AuditTrailService.log
2026-05-28 09:44:25.834 INFO  [http-nio-8081-exec-3] com.cts.openbankx.LoggerAspect - Entering: APILogService.findAll
2026-05-28 09:44:25.894 INFO  [http-nio-8081-exec-3] com.cts.openbankx.LoggerAspect - Success: APILogService.findAll
2026-05-28 09:45:11.558 INFO  [http-nio-8081-exec-8] com.cts.openbankx.LoggerAspect - Entering: APILogService.findAll
2026-05-28 09:45:11.606 INFO  [http-nio-8081-exec-8] com.cts.openbankx.LoggerAspect - Success: APILogService.findAll
2026-05-28 09:45:19.112 INFO  [http-nio-8081-exec-10] com.cts.openbankx.LoggerAspect - Entering: APILogService.findAll
2026-05-28 09:45:19.154 INFO  [http-nio-8081-exec-10] com.cts.openbankx.LoggerAspect - Success: APILogService.findAll
2026-05-28 09:45:22.098 INFO  [http-nio-8081-exec-5] com.cts.openbankx.LoggerAspect - Entering: APILogService.findAll
2026-05-28 09:45:22.134 INFO  [http-nio-8081-exec-5] com.cts.openbankx.LoggerAspect - Success: APILogService.findAll
2026-05-28 09:45:26.862 INFO  [http-nio-8081-exec-7] com.cts.openbankx.LoggerAspect - Entering: APILogService.findAll
2026-05-28 09:45:26.896 INFO  [http-nio-8081-exec-7] com.cts.openbankx.LoggerAspect - Success: APILogService.findAll
2026-05-28 09:45:53.654 INFO  [http-nio-8081-exec-1] com.cts.openbankx.LoggerAspect - Entering: APILogService.findAll
2026-05-28 09:45:53.681 INFO  [http-nio-8081-exec-1] com.cts.openbankx.LoggerAspect - Success: APILogService.findAll
2026-05-28 09:45:57.038 INFO  [http-nio-8081-exec-2] com.cts.openbankx.LoggerAspect - Entering: APILogService.findAll
2026-05-28 09:45:57.064 INFO  [http-nio-8081-exec-2] com.cts.openbankx.LoggerAspect - Success: APILogService.findAll
2026-05-28 09:46:03.048 INFO  [http-nio-8081-exec-9] com.cts.openbankx.LoggerAspect - Entering: APILogService.findAll
2026-05-28 09:46:03.084 INFO  [http-nio-8081-exec-9] com.cts.openbankx.LoggerAspect - Success: APILogService.findAll
2026-05-28 09:46:15.400 INFO  [http-nio-8081-exec-8] com.cts.openbankx.LoggerAspect - Entering: APILogService.findAll
2026-05-28 09:46:15.416 INFO  [http-nio-8081-exec-8] com.cts.openbankx.LoggerAspect - Success: APILogService.findAll
2026-05-28 09:46:34.035 INFO  [http-nio-8081-exec-10] com.cts.openbankx.LoggerAspect - Entering: APILogService.findAll
2026-05-28 09:46:34.041 INFO  [http-nio-8081-exec-10] com.cts.openbankx.LoggerAspect - Success: APILogService.findAll
2026-05-28 09:46:48.907 INFO  [http-nio-8081-exec-5] com.cts.openbankx.LoggerAspect - Entering: APILogService.findAll
2026-05-28 09:46:48.929 INFO  [http-nio-8081-exec-5] com.cts.openbankx.LoggerAspect - Success: APILogService.findAll
2026-05-28 09:47:05.207 INFO  [http-nio-8081-exec-7] com.cts.openbankx.LoggerAspect - Entering: APILogService.findAll
2026-05-28 09:47:05.240 INFO  [http-nio-8081-exec-7] com.cts.openbankx.LoggerAspect - Success: APILogService.findAll
2026-05-28 09:47:17.088 INFO  [http-nio-8081-exec-1] com.cts.openbankx.LoggerAspect - Entering: APILogService.findAll
2026-05-28 09:47:17.109 INFO  [http-nio-8081-exec-1] com.cts.openbankx.LoggerAspect - Success: APILogService.findAll
2026-05-28 09:47:34.056 INFO  [http-nio-8081-exec-2] com.cts.openbankx.LoggerAspect - Entering: APILogService.findAll
2026-05-28 09:47:34.075 INFO  [http-nio-8081-exec-2] com.cts.openbankx.LoggerAspect - Success: APILogService.findAll
2026-05-28 09:47:38.388 INFO  [http-nio-8081-exec-5] com.cts.openbankx.LoggerAspect - Entering: APILogService.findAll
2026-05-28 09:47:38.408 INFO  [http-nio-8081-exec-5] com.cts.openbankx.LoggerAspect - Success: APILogService.findAll
2026-05-28 09:47:40.961 INFO  [http-nio-8081-exec-4] com.cts.openbankx.LoggerAspect - Entering: APILogService.findAll
2026-05-28 09:47:40.974 INFO  [http-nio-8081-exec-4] com.cts.openbankx.LoggerAspect - Success: APILogService.findAll
2026-05-28 09:49:36.469 INFO  [http-nio-8081-exec-7] com.cts.openbankx.LoggerAspect - Entering: APILogService.findAll
2026-05-28 09:49:36.501 INFO  [http-nio-8081-exec-7] com.cts.openbankx.LoggerAspect - Success: APILogService.findAll
2026-05-28 09:49:38.206 INFO  [http-nio-8081-exec-1] com.cts.openbankx.LoggerAspect - Entering: APILogService.findAll
2026-05-28 09:49:38.225 INFO  [http-nio-8081-exec-1] com.cts.openbankx.LoggerAspect - Success: APILogService.findAll
2026-05-28 10:14:32.094 INFO  [http-nio-8081-exec-2] com.cts.openbankx.LoggerAspect - Entering: APILogService.findAll
2026-05-28 10:14:32.111 INFO  [http-nio-8081-exec-2] com.cts.openbankx.LoggerAspect - Success: APILogService.findAll
2026-05-28 10:14:47.478 INFO  [http-nio-8081-exec-9] com.cts.openbankx.LoggerAspect - Entering: APILogService.findAll
2026-05-28 10:14:47.498 INFO  [http-nio-8081-exec-9] com.cts.openbankx.LoggerAspect - Success: APILogService.findAll
2026-05-28 10:14:52.830 INFO  [http-nio-8081-exec-3] com.cts.openbankx.LoggerAspect - Entering: APILogService.findAll
2026-05-28 10:14:52.855 INFO  [http-nio-8081-exec-3] com.cts.openbankx.LoggerAspect - Success: APILogService.findAll
2026-05-28 10:21:33.582 INFO  [http-nio-8081-exec-5] com.cts.openbankx.LoggerAspect - Entering: APILogService.findAll
2026-05-28 10:21:33.605 INFO  [http-nio-8081-exec-5] com.cts.openbankx.LoggerAspect - Success: APILogService.findAll
2026-05-28 10:21:50.427 INFO  [http-nio-8081-exec-4] com.cts.openbankx.LoggerAspect - Entering: APILogService.findAll
2026-05-28 10:21:50.442 INFO  [http-nio-8081-exec-4] com.cts.openbankx.LoggerAspect - Success: APILogService.findAll
2026-05-28 10:22:32.573 INFO  [http-nio-8081-exec-10] com.cts.openbankx.LoggerAspect - Entering: APILogService.findAll
2026-05-28 10:22:32.591 INFO  [http-nio-8081-exec-10] com.cts.openbankx.LoggerAspect - Success: APILogService.findAll
2026-05-28 10:22:34.098 INFO  [http-nio-8081-exec-6] com.cts.openbankx.LoggerAspect - Entering: APILogService.findAll
2026-05-28 10:22:34.117 INFO  [http-nio-8081-exec-6] com.cts.openbankx.LoggerAspect - Success: APILogService.findAll
2026-05-28 10:23:01.141 INFO  [http-nio-8081-exec-8] com.cts.openbankx.LoggerAspect - Entering: APILogService.findAll
2026-05-28 10:23:01.153 INFO  [http-nio-8081-exec-8] com.cts.openbankx.LoggerAspect - Success: APILogService.findAll
2026-05-28 10:48:08.031 WARN  [HikariPool-1 housekeeper] com.zaxxer.hikari.pool.HikariPool - HikariPool-1 - Thread starvation or clock leap detected (housekeeper delta=1m20s435ms804µs200ns).
2026-05-28 11:10:46.448 INFO  [http-nio-8081-exec-6] com.cts.openbankx.LoggerAspect - Entering: TokenService.createAndSave
2026-05-28 11:10:46.480 INFO  [http-nio-8081-exec-6] com.cts.openbankx.LoggerAspect - Success: TokenService.createAndSave
2026-05-28 11:10:46.485 INFO  [http-nio-8081-exec-6] com.cts.openbankx.LoggerAspect - Entering: AuditTrailService.log
2026-05-28 11:10:46.496 INFO  [http-nio-8081-exec-6] com.cts.openbankx.LoggerAspect - Success: AuditTrailService.log
2026-05-28 11:10:47.005 INFO  [http-nio-8081-exec-8] com.cts.openbankx.LoggerAspect - Entering: APILogService.findAll
2026-05-28 11:10:47.022 INFO  [http-nio-8081-exec-8] com.cts.openbankx.LoggerAspect - Success: APILogService.findAll
2026-05-28 11:11:02.704 INFO  [http-nio-8081-exec-7] com.cts.openbankx.LoggerAspect - Entering: TokenService.createAndSave
2026-05-28 11:11:02.719 INFO  [http-nio-8081-exec-7] com.cts.openbankx.LoggerAspect - Success: TokenService.createAndSave
2026-05-28 11:11:02.720 INFO  [http-nio-8081-exec-7] com.cts.openbankx.LoggerAspect - Entering: AuditTrailService.log
2026-05-28 11:11:02.720 INFO  [http-nio-8081-exec-7] com.cts.openbankx.LoggerAspect - Success: AuditTrailService.log
2026-05-28 11:11:03.242 INFO  [http-nio-8081-exec-10] com.cts.openbankx.LoggerAspect - Entering: APILogService.findAll
2026-05-28 11:11:03.262 INFO  [http-nio-8081-exec-10] com.cts.openbankx.LoggerAspect - Success: APILogService.findAll
2026-05-28 11:29:10.614 INFO  [http-nio-8081-exec-1] com.cts.openbankx.LoggerAspect - Entering: APILogService.findAll
2026-05-28 11:29:10.632 INFO  [http-nio-8081-exec-1] com.cts.openbankx.LoggerAspect - Success: APILogService.findAll
2026-05-28 11:29:33.024 WARN  [HikariPool-1 housekeeper] com.zaxxer.hikari.pool.HikariPool - HikariPool-1 - Thread starvation or clock leap detected (housekeeper delta=3m24s373ms89µs800ns).
2026-05-28 12:20:17.169 INFO  [http-nio-8081-exec-3] com.cts.openbankx.LoggerAspect - Entering: TokenService.createAndSave
2026-05-28 12:20:17.200 INFO  [http-nio-8081-exec-3] com.cts.openbankx.LoggerAspect - Success: TokenService.createAndSave
2026-05-28 12:20:17.200 INFO  [http-nio-8081-exec-3] com.cts.openbankx.LoggerAspect - Entering: AuditTrailService.log
2026-05-28 12:20:17.207 INFO  [http-nio-8081-exec-3] com.cts.openbankx.LoggerAspect - Success: AuditTrailService.log
2026-05-28 12:20:17.757 INFO  [http-nio-8081-exec-6] com.cts.openbankx.LoggerAspect - Entering: ConsentService.findByUserId
2026-05-28 12:20:18.002 INFO  [http-nio-8081-exec-6] com.cts.openbankx.LoggerAspect - Success: ConsentService.findByUserId
2026-05-28 12:20:33.086 INFO  [http-nio-8081-exec-1] com.cts.openbankx.LoggerAspect - Entering: TokenService.createAndSave
2026-05-28 12:20:33.090 INFO  [http-nio-8081-exec-1] com.cts.openbankx.LoggerAspect - Success: TokenService.createAndSave
2026-05-28 12:20:33.102 INFO  [http-nio-8081-exec-1] com.cts.openbankx.LoggerAspect - Entering: AuditTrailService.log
2026-05-28 12:20:33.107 INFO  [http-nio-8081-exec-1] com.cts.openbankx.LoggerAspect - Success: AuditTrailService.log
2026-05-28 12:20:33.621 INFO  [http-nio-8081-exec-4] com.cts.openbankx.LoggerAspect - Entering: APIProductService.findAll
2026-05-28 12:20:33.621 INFO  [http-nio-8081-exec-8] com.cts.openbankx.LoggerAspect - Entering: TPPSubscriptionService.findAll
2026-05-28 12:20:33.625 INFO  [http-nio-8081-exec-9] com.cts.openbankx.LoggerAspect - Entering: APIPlanService.findAll
2026-05-28 12:20:33.635 INFO  [http-nio-8081-exec-4] com.cts.openbankx.LoggerAspect - Success: APIProductService.findAll
2026-05-28 12:20:33.637 INFO  [http-nio-8081-exec-9] com.cts.openbankx.LoggerAspect - Success: APIPlanService.findAll
2026-05-28 12:20:33.643 INFO  [http-nio-8081-exec-8] com.cts.openbankx.LoggerAspect - Success: TPPSubscriptionService.findAll
2026-05-28 12:20:47.704 INFO  [http-nio-8081-exec-7] com.cts.openbankx.LoggerAspect - Entering: TokenService.createAndSave
2026-05-28 12:20:47.717 INFO  [http-nio-8081-exec-7] com.cts.openbankx.LoggerAspect - Success: TokenService.createAndSave
2026-05-28 12:20:47.717 INFO  [http-nio-8081-exec-7] com.cts.openbankx.LoggerAspect - Entering: AuditTrailService.log
2026-05-28 12:20:47.723 INFO  [http-nio-8081-exec-7] com.cts.openbankx.LoggerAspect - Success: AuditTrailService.log
2026-05-28 12:20:48.264 INFO  [http-nio-8081-exec-10] com.cts.openbankx.LoggerAspect - Entering: APILogService.findAll
2026-05-28 12:20:48.293 INFO  [http-nio-8081-exec-10] com.cts.openbankx.LoggerAspect - Success: APILogService.findAll
2026-05-28 12:20:48.852 INFO  [http-nio-8081-exec-1] com.cts.openbankx.LoggerAspect - Entering: TPPSubscriptionService.findAll
2026-05-28 12:20:48.864 INFO  [http-nio-8081-exec-1] com.cts.openbankx.LoggerAspect - Success: TPPSubscriptionService.findAll
2026-05-28 12:21:03.865 INFO  [http-nio-8081-exec-4] com.cts.openbankx.LoggerAspect - Entering: TPPSubscriptionService.findAll
2026-05-28 12:21:03.883 INFO  [http-nio-8081-exec-4] com.cts.openbankx.LoggerAspect - Success: TPPSubscriptionService.findAll
2026-05-28 12:21:04.399 INFO  [http-nio-8081-exec-9] com.cts.openbankx.LoggerAspect - Entering: TokenService.createAndSave
2026-05-28 12:21:04.407 INFO  [http-nio-8081-exec-9] com.cts.openbankx.LoggerAspect - Success: TokenService.createAndSave
2026-05-28 12:21:04.415 INFO  [http-nio-8081-exec-9] com.cts.openbankx.LoggerAspect - Entering: AuditTrailService.log
2026-05-28 12:21:04.423 INFO  [http-nio-8081-exec-9] com.cts.openbankx.LoggerAspect - Success: AuditTrailService.log
2026-05-28 12:21:04.950 INFO  [http-nio-8081-exec-7] com.cts.openbankx.LoggerAspect - Entering: APILogService.findAll
2026-05-28 12:21:04.968 INFO  [http-nio-8081-exec-7] com.cts.openbankx.LoggerAspect - Success: APILogService.findAll
2026-05-28 12:21:13.823 INFO  [http-nio-8081-exec-3] com.cts.openbankx.LoggerAspect - Entering: TokenService.createAndSave
2026-05-28 12:21:13.841 INFO  [http-nio-8081-exec-3] com.cts.openbankx.LoggerAspect - Success: TokenService.createAndSave
2026-05-28 12:21:13.841 INFO  [http-nio-8081-exec-3] com.cts.openbankx.LoggerAspect - Entering: AuditTrailService.log
2026-05-28 12:21:13.855 INFO  [http-nio-8081-exec-3] com.cts.openbankx.LoggerAspect - Success: AuditTrailService.log
2026-05-28 12:21:14.451 INFO  [http-nio-8081-exec-1] com.cts.openbankx.LoggerAspect - Entering: TPPService.getAll
2026-05-28 12:21:14.451 INFO  [http-nio-8081-exec-10] com.cts.openbankx.LoggerAspect - Entering: TPPAppService.findAll
2026-05-28 12:21:14.465 INFO  [http-nio-8081-exec-1] com.cts.openbankx.LoggerAspect - Success: TPPService.getAll
2026-05-28 12:21:14.465 INFO  [http-nio-8081-exec-10] com.cts.openbankx.LoggerAspect - Success: TPPAppService.findAll
2026-05-28 12:21:14.486 INFO  [http-nio-8081-exec-4] com.cts.openbankx.LoggerAspect - Entering: TPPSubscriptionService.findByTppApp
2026-05-28 12:21:14.487 INFO  [http-nio-8081-exec-2] com.cts.openbankx.LoggerAspect - Entering: APIUsageReportService.getLatestReportForApp
2026-05-28 12:21:14.487 INFO  [http-nio-8081-exec-9] com.cts.openbankx.LoggerAspect - Entering: TPPSubscriptionService.findByTppApp
2026-05-28 12:21:14.505 INFO  [http-nio-8081-exec-9] com.cts.openbankx.LoggerAspect - Success: TPPSubscriptionService.findByTppApp
2026-05-28 12:21:14.505 INFO  [http-nio-8081-exec-4] com.cts.openbankx.LoggerAspect - Success: TPPSubscriptionService.findByTppApp
2026-05-28 12:21:14.539 INFO  [http-nio-8081-exec-2] com.cts.openbankx.LoggerAspect - Success: APIUsageReportService.getLatestReportForApp
2026-05-28 12:21:18.855 INFO  [http-nio-8081-exec-5] com.cts.openbankx.LoggerAspect - Entering: TPPSubscriptionService.findAll
2026-05-28 12:21:18.876 INFO  [http-nio-8081-exec-5] com.cts.openbankx.LoggerAspect - Success: TPPSubscriptionService.findAll
2026-05-28 12:21:33.848 INFO  [http-nio-8081-exec-6] com.cts.openbankx.LoggerAspect - Entering: TPPSubscriptionService.findAll
2026-05-28 12:21:33.864 INFO  [http-nio-8081-exec-6] com.cts.openbankx.LoggerAspect - Success: TPPSubscriptionService.findAll
2026-05-28 12:28:57.043 INFO  [http-nio-8081-exec-1] com.cts.openbankx.LoggerAspect - Entering: TPPSubscriptionService.findAll
2026-05-28 12:28:57.063 INFO  [http-nio-8081-exec-1] com.cts.openbankx.LoggerAspect - Success: TPPSubscriptionService.findAll
2026-05-28 12:28:57.946 INFO  [http-nio-8081-exec-7] com.cts.openbankx.LoggerAspect - Entering: TPPAppService.findAll
2026-05-28 12:28:57.952 INFO  [http-nio-8081-exec-7] com.cts.openbankx.LoggerAspect - Success: TPPAppService.findAll
2026-05-28 12:28:57.957 INFO  [http-nio-8081-exec-5] com.cts.openbankx.LoggerAspect - Entering: TPPService.getAll
2026-05-28 12:28:57.963 INFO  [http-nio-8081-exec-5] com.cts.openbankx.LoggerAspect - Success: TPPService.getAll
2026-05-28 12:28:58.021 INFO  [http-nio-8081-exec-3] com.cts.openbankx.LoggerAspect - Entering: APIUsageReportService.getLatestReportForApp
2026-05-28 12:28:58.025 INFO  [http-nio-8081-exec-3] com.cts.openbankx.LoggerAspect - Success: APIUsageReportService.getLatestReportForApp
2026-05-28 12:28:58.038 INFO  [http-nio-8081-exec-6] com.cts.openbankx.LoggerAspect - Entering: TPPSubscriptionService.findByTppApp
2026-05-28 12:28:58.038 INFO  [http-nio-8081-exec-10] com.cts.openbankx.LoggerAspect - Entering: TPPSubscriptionService.findByTppApp
2026-05-28 12:28:58.055 INFO  [http-nio-8081-exec-6] com.cts.openbankx.LoggerAspect - Success: TPPSubscriptionService.findByTppApp
2026-05-28 12:28:58.059 INFO  [http-nio-8081-exec-10] com.cts.openbankx.LoggerAspect - Success: TPPSubscriptionService.findByTppApp
2026-05-28 12:37:14.898 INFO  [http-nio-8081-exec-2] com.cts.openbankx.LoggerAspect - Entering: TPPService.getAll
2026-05-28 12:37:14.898 INFO  [http-nio-8081-exec-4] com.cts.openbankx.LoggerAspect - Entering: TPPAppService.findAll
2026-05-28 12:37:14.905 INFO  [http-nio-8081-exec-2] com.cts.openbankx.LoggerAspect - Success: TPPService.getAll
2026-05-28 12:37:14.906 INFO  [http-nio-8081-exec-4] com.cts.openbankx.LoggerAspect - Success: TPPAppService.findAll
2026-05-28 12:37:14.931 INFO  [http-nio-8081-exec-8] com.cts.openbankx.LoggerAspect - Entering: APIUsageReportService.getLatestReportForApp
2026-05-28 12:37:14.933 INFO  [http-nio-8081-exec-7] com.cts.openbankx.LoggerAspect - Entering: TPPSubscriptionService.findByTppApp
2026-05-28 12:37:14.933 INFO  [http-nio-8081-exec-5] com.cts.openbankx.LoggerAspect - Entering: TPPSubscriptionService.findByTppApp
2026-05-28 12:37:14.936 INFO  [http-nio-8081-exec-8] com.cts.openbankx.LoggerAspect - Success: APIUsageReportService.getLatestReportForApp
2026-05-28 12:37:14.955 INFO  [http-nio-8081-exec-5] com.cts.openbankx.LoggerAspect - Success: TPPSubscriptionService.findByTppApp
2026-05-28 12:37:14.955 INFO  [http-nio-8081-exec-7] com.cts.openbankx.LoggerAspect - Success: TPPSubscriptionService.findByTppApp
2026-05-28 12:37:29.019 WARN  [HikariPool-1 housekeeper] com.zaxxer.hikari.pool.HikariPool - HikariPool-1 - Thread starvation or clock leap detected (housekeeper delta=15m55s187ms393µs400ns).
2026-05-28 12:48:40.742 INFO  [http-nio-8081-exec-2] com.cts.openbankx.LoggerAspect - Entering: TokenService.createAndSave
2026-05-28 12:48:40.759 INFO  [http-nio-8081-exec-2] com.cts.openbankx.LoggerAspect - Success: TokenService.createAndSave
2026-05-28 12:48:40.759 INFO  [http-nio-8081-exec-2] com.cts.openbankx.LoggerAspect - Entering: AuditTrailService.log
2026-05-28 12:48:40.759 INFO  [http-nio-8081-exec-2] com.cts.openbankx.LoggerAspect - Success: AuditTrailService.log
2026-05-28 12:48:41.397 INFO  [http-nio-8081-exec-8] com.cts.openbankx.LoggerAspect - Entering: TPPService.getAll
2026-05-28 12:48:41.396 INFO  [http-nio-8081-exec-4] com.cts.openbankx.LoggerAspect - Entering: TPPAppService.findAll
2026-05-28 12:48:41.406 INFO  [http-nio-8081-exec-4] com.cts.openbankx.LoggerAspect - Success: TPPAppService.findAll
2026-05-28 12:48:41.406 INFO  [http-nio-8081-exec-8] com.cts.openbankx.LoggerAspect - Success: TPPService.getAll
2026-05-28 12:48:41.441 INFO  [http-nio-8081-exec-3] com.cts.openbankx.LoggerAspect - Entering: TPPSubscriptionService.findByTppApp
2026-05-28 12:48:41.441 INFO  [http-nio-8081-exec-7] com.cts.openbankx.LoggerAspect - Entering: APIUsageReportService.getLatestReportForApp
2026-05-28 12:48:41.441 INFO  [http-nio-8081-exec-5] com.cts.openbankx.LoggerAspect - Entering: TPPSubscriptionService.findByTppApp
2026-05-28 12:48:41.441 INFO  [http-nio-8081-exec-7] com.cts.openbankx.LoggerAspect - Success: APIUsageReportService.getLatestReportForApp
2026-05-28 12:48:41.457 INFO  [http-nio-8081-exec-5] com.cts.openbankx.LoggerAspect - Success: TPPSubscriptionService.findByTppApp
2026-05-28 12:48:41.457 INFO  [http-nio-8081-exec-3] com.cts.openbankx.LoggerAspect - Success: TPPSubscriptionService.findByTppApp
2026-05-28 12:48:53.244 INFO  [http-nio-8081-exec-6] com.cts.openbankx.LoggerAspect - Entering: TPPAppService.findAll
2026-05-28 12:48:53.258 INFO  [http-nio-8081-exec-6] com.cts.openbankx.LoggerAspect - Success: TPPAppService.findAll
2026-05-28 12:48:53.298 INFO  [http-nio-8081-exec-10] com.cts.openbankx.LoggerAspect - Entering: TPPSubscriptionService.findByTppApp
2026-05-28 12:48:53.298 INFO  [http-nio-8081-exec-1] com.cts.openbankx.LoggerAspect - Entering: TPPSubscriptionService.findByTppApp
2026-05-28 12:48:53.325 INFO  [http-nio-8081-exec-1] com.cts.openbankx.LoggerAspect - Success: TPPSubscriptionService.findByTppApp
2026-05-28 12:48:53.325 INFO  [http-nio-8081-exec-10] com.cts.openbankx.LoggerAspect - Success: TPPSubscriptionService.findByTppApp
2026-05-28 12:48:54.501 INFO  [http-nio-8081-exec-2] com.cts.openbankx.LoggerAspect - Entering: TPPService.getAll
2026-05-28 12:48:54.507 INFO  [http-nio-8081-exec-2] com.cts.openbankx.LoggerAspect - Success: TPPService.getAll
2026-05-28 12:49:05.814 INFO  [http-nio-8081-exec-9] com.cts.openbankx.LoggerAspect - Entering: TPPAppService.findAll
2026-05-28 12:49:05.816 INFO  [http-nio-8081-exec-4] com.cts.openbankx.LoggerAspect - Entering: TPPService.getAll
2026-05-28 12:49:05.823 INFO  [http-nio-8081-exec-9] com.cts.openbankx.LoggerAspect - Success: TPPAppService.findAll
2026-05-28 12:49:05.823 INFO  [http-nio-8081-exec-4] com.cts.openbankx.LoggerAspect - Success: TPPService.getAll
2026-05-28 12:49:05.852 INFO  [http-nio-8081-exec-7] com.cts.openbankx.LoggerAspect - Entering: APIUsageReportService.getLatestReportForApp
2026-05-28 12:49:05.860 INFO  [http-nio-8081-exec-3] com.cts.openbankx.LoggerAspect - Entering: TPPSubscriptionService.findByTppApp
2026-05-28 12:49:05.860 INFO  [http-nio-8081-exec-5] com.cts.openbankx.LoggerAspect - Entering: TPPSubscriptionService.findByTppApp
2026-05-28 12:49:05.861 INFO  [http-nio-8081-exec-7] com.cts.openbankx.LoggerAspect - Success: APIUsageReportService.getLatestReportForApp
2026-05-28 12:49:05.891 INFO  [http-nio-8081-exec-5] com.cts.openbankx.LoggerAspect - Success: TPPSubscriptionService.findByTppApp
2026-05-28 12:49:05.892 INFO  [http-nio-8081-exec-3] com.cts.openbankx.LoggerAspect - Success: TPPSubscriptionService.findByTppApp
2026-05-28 12:49:27.605 INFO  [http-nio-8081-exec-1] com.cts.openbankx.LoggerAspect - Entering: TokenService.createAndSave
2026-05-28 12:49:27.622 INFO  [http-nio-8081-exec-1] com.cts.openbankx.LoggerAspect - Success: TokenService.createAndSave
2026-05-28 12:49:27.624 INFO  [http-nio-8081-exec-1] com.cts.openbankx.LoggerAspect - Entering: AuditTrailService.log
2026-05-28 12:49:27.624 INFO  [http-nio-8081-exec-1] com.cts.openbankx.LoggerAspect - Success: AuditTrailService.log
2026-05-28 12:49:28.176 INFO  [http-nio-8081-exec-2] com.cts.openbankx.LoggerAspect - Entering: APIProductService.findAll
2026-05-28 12:49:28.184 INFO  [http-nio-8081-exec-4] com.cts.openbankx.LoggerAspect - Entering: TPPSubscriptionService.findAll
2026-05-28 12:49:28.186 INFO  [http-nio-8081-exec-8] com.cts.openbankx.LoggerAspect - Entering: APIPlanService.findAll
2026-05-28 12:49:28.186 INFO  [http-nio-8081-exec-2] com.cts.openbankx.LoggerAspect - Success: APIProductService.findAll
2026-05-28 12:49:28.198 INFO  [http-nio-8081-exec-8] com.cts.openbankx.LoggerAspect - Success: APIPlanService.findAll
2026-05-28 12:49:28.217 INFO  [http-nio-8081-exec-4] com.cts.openbankx.LoggerAspect - Success: TPPSubscriptionService.findAll
2026-05-28 12:49:33.178 INFO  [http-nio-8081-exec-9] com.cts.openbankx.LoggerAspect - Entering: TPPAppService.findAll
2026-05-28 12:49:33.193 INFO  [http-nio-8081-exec-9] com.cts.openbankx.LoggerAspect - Success: TPPAppService.findAll
2026-05-28 12:49:39.827 INFO  [http-nio-8081-exec-7] com.cts.openbankx.LoggerAspect - Entering: UserService.findAll
2026-05-28 12:49:39.840 INFO  [http-nio-8081-exec-7] com.cts.openbankx.LoggerAspect - Success: UserService.findAll
2026-05-28 12:49:41.029 INFO  [http-nio-8081-exec-3] com.cts.openbankx.LoggerAspect - Entering: APIProductService.findAll
2026-05-28 12:49:41.036 INFO  [http-nio-8081-exec-5] com.cts.openbankx.LoggerAspect - Entering: APIPlanService.findAll
2026-05-28 12:49:41.043 INFO  [http-nio-8081-exec-3] com.cts.openbankx.LoggerAspect - Success: APIProductService.findAll
2026-05-28 12:49:41.050 INFO  [http-nio-8081-exec-5] com.cts.openbankx.LoggerAspect - Success: APIPlanService.findAll
2026-05-28 12:49:43.627 INFO  [http-nio-8081-exec-1] com.cts.openbankx.LoggerAspect - Entering: APIProductService.findAll
2026-05-28 12:49:43.631 INFO  [http-nio-8081-exec-2] com.cts.openbankx.LoggerAspect - Entering: TPPSubscriptionService.findAll
2026-05-28 12:49:43.633 INFO  [http-nio-8081-exec-10] com.cts.openbankx.LoggerAspect - Entering: APIPlanService.findAll
2026-05-28 12:49:43.636 INFO  [http-nio-8081-exec-1] com.cts.openbankx.LoggerAspect - Success: APIProductService.findAll
2026-05-28 12:49:43.643 INFO  [http-nio-8081-exec-10] com.cts.openbankx.LoggerAspect - Success: APIPlanService.findAll
2026-05-28 12:49:43.658 INFO  [http-nio-8081-exec-2] com.cts.openbankx.LoggerAspect - Success: TPPSubscriptionService.findAll
2026-05-28 12:49:54.049 INFO  [http-nio-8081-exec-8] com.cts.openbankx.LoggerAspect - Entering: APIProductService.findAll
2026-05-28 12:49:54.049 INFO  [http-nio-8081-exec-4] com.cts.openbankx.LoggerAspect - Entering: APIPlanService.findAll
2026-05-28 12:49:54.056 INFO  [http-nio-8081-exec-4] com.cts.openbankx.LoggerAspect - Success: APIPlanService.findAll
2026-05-28 12:49:54.056 INFO  [http-nio-8081-exec-8] com.cts.openbankx.LoggerAspect - Success: APIProductService.findAll
2026-05-28 12:50:13.632 INFO  [http-nio-8081-exec-5] com.cts.openbankx.LoggerAspect - Entering: APIPlanService.findAll
2026-05-28 12:50:13.635 INFO  [http-nio-8081-exec-6] com.cts.openbankx.LoggerAspect - Entering: TPPAppService.findAll
2026-05-28 12:50:13.642 INFO  [http-nio-8081-exec-5] com.cts.openbankx.LoggerAspect - Success: APIPlanService.findAll
2026-05-28 12:50:13.642 INFO  [http-nio-8081-exec-6] com.cts.openbankx.LoggerAspect - Success: TPPAppService.findAll
2026-05-28 12:50:24.074 INFO  [http-nio-8081-exec-1] com.cts.openbankx.LoggerAspect - Entering: TokenService.createAndSave
2026-05-28 12:50:24.088 INFO  [http-nio-8081-exec-1] com.cts.openbankx.LoggerAspect - Success: TokenService.createAndSave
2026-05-28 12:50:24.090 INFO  [http-nio-8081-exec-1] com.cts.openbankx.LoggerAspect - Entering: AuditTrailService.log
2026-05-28 12:50:24.095 INFO  [http-nio-8081-exec-1] com.cts.openbankx.LoggerAspect - Success: AuditTrailService.log
2026-05-28 12:50:24.714 INFO  [http-nio-8081-exec-8] com.cts.openbankx.LoggerAspect - Entering: TPPService.getAll
2026-05-28 12:50:24.714 INFO  [http-nio-8081-exec-2] com.cts.openbankx.LoggerAspect - Entering: TPPAppService.findAll
2026-05-28 12:50:24.725 INFO  [http-nio-8081-exec-8] com.cts.openbankx.LoggerAspect - Success: TPPService.getAll
2026-05-28 12:50:24.726 INFO  [http-nio-8081-exec-2] com.cts.openbankx.LoggerAspect - Success: TPPAppService.findAll
2026-05-28 12:50:24.768 INFO  [http-nio-8081-exec-4] com.cts.openbankx.LoggerAspect - Entering: APIUsageReportService.getLatestReportForApp
2026-05-28 12:50:24.768 INFO  [http-nio-8081-exec-9] com.cts.openbankx.LoggerAspect - Entering: TPPSubscriptionService.findByTppApp
2026-05-28 12:50:24.768 INFO  [http-nio-8081-exec-7] com.cts.openbankx.LoggerAspect - Entering: TPPSubscriptionService.findByTppApp
2026-05-28 12:50:24.775 INFO  [http-nio-8081-exec-4] com.cts.openbankx.LoggerAspect - Success: APIUsageReportService.getLatestReportForApp
2026-05-28 12:50:24.800 INFO  [http-nio-8081-exec-9] com.cts.openbankx.LoggerAspect - Success: TPPSubscriptionService.findByTppApp
2026-05-28 12:50:24.803 INFO  [http-nio-8081-exec-7] com.cts.openbankx.LoggerAspect - Success: TPPSubscriptionService.findByTppApp
2026-05-28 12:50:41.603 INFO  [http-nio-8081-exec-5] com.cts.openbankx.LoggerAspect - Entering: APIPlanService.findAll
2026-05-28 12:50:41.607 INFO  [http-nio-8081-exec-6] com.cts.openbankx.LoggerAspect - Entering: TPPAppService.findAll
2026-05-28 12:50:41.613 INFO  [http-nio-8081-exec-6] com.cts.openbankx.LoggerAspect - Success: TPPAppService.findAll
2026-05-28 12:50:41.614 INFO  [http-nio-8081-exec-5] com.cts.openbankx.LoggerAspect - Success: APIPlanService.findAll
2026-05-28 12:50:48.740 INFO  [http-nio-8081-exec-1] com.cts.openbankx.LoggerAspect - Entering: TokenService.createAndSave
2026-05-28 12:50:48.757 INFO  [http-nio-8081-exec-1] com.cts.openbankx.LoggerAspect - Success: TokenService.createAndSave
2026-05-28 12:50:48.759 INFO  [http-nio-8081-exec-1] com.cts.openbankx.LoggerAspect - Entering: AuditTrailService.log
2026-05-28 12:50:48.769 INFO  [http-nio-8081-exec-1] com.cts.openbankx.LoggerAspect - Success: AuditTrailService.log
2026-05-28 12:50:49.310 INFO  [http-nio-8081-exec-8] com.cts.openbankx.LoggerAspect - Entering: ConsentService.findByUserId
2026-05-28 12:50:49.328 INFO  [http-nio-8081-exec-8] com.cts.openbankx.LoggerAspect - Success: ConsentService.findByUserId
2026-05-28 13:37:42.212 INFO  [SpringApplicationShutdownHook] o.s.b.w.e.tomcat.GracefulShutdown - Commencing graceful shutdown. Waiting for active requests to complete
2026-05-28 13:37:42.254 INFO  [tomcat-shutdown] o.s.b.w.e.tomcat.GracefulShutdown - Graceful shutdown complete
2026-05-28 13:37:42.276 INFO  [SpringApplicationShutdownHook] o.s.o.j.LocalContainerEntityManagerFactoryBean - Closing JPA EntityManagerFactory for persistence unit 'default'
2026-05-28 13:37:42.289 INFO  [SpringApplicationShutdownHook] com.zaxxer.hikari.HikariDataSource - HikariPool-1 - Shutdown initiated...
2026-05-28 13:37:42.294 INFO  [SpringApplicationShutdownHook] com.zaxxer.hikari.HikariDataSource - HikariPool-1 - Shutdown completed.
